
Memory Configuration

Name             Origin             Length             Attributes
*default*        0x00000000         0xffffffff

Linker script and memory map

LOAD F:\Nejc\Projekti\FRISMS\Rev2\Debug\intvec.o
LOAD F:\Nejc\Projekti\FRISMS\Rev2\Debug\start.o
                0x00000000                __TEXT_START__ = 0x0
                0x00300000                __DATA_START__ = 0x300000
                0x00301000                __STACK_END__ = 0x301000

.text           0x00000000      0x9a0
 *intvec.o(.text)
 .text          0x00000000       0x20 F:\Nejc\Projekti\FRISMS\Rev2\Debug\intvec.o
 *(.text)
 .text          0x00000020      0x980 F:\Nejc\Projekti\FRISMS\Rev2\Debug\start.o
                0x00000020                _error
                0x00000024                _start
                0x00000090                _main
 *(.text.*)
                0x000009a0                PROVIDE (__etext, .)

.glue_7         0x000009a0        0x0
 .glue_7        0x00000000        0x0 linker stubs

.glue_7t        0x000009a0        0x0
 .glue_7t       0x00000000        0x0 linker stubs

.vfp11_veneer   0x000009a0        0x0
 .vfp11_veneer  0x00000000        0x0 linker stubs

.v4_bx          0x000009a0        0x0
 .v4_bx         0x00000000        0x0 linker stubs

.iplt           0x000009a0        0x0
 .iplt          0x00000000        0x0 F:\Nejc\Projekti\FRISMS\Rev2\Debug\intvec.o

.rel.dyn        0x000009a0        0x0
 .rel.iplt      0x00000000        0x0 F:\Nejc\Projekti\FRISMS\Rev2\Debug\intvec.o

.rodata
 *(.rodata)
 *(.rodata.*)
                0x000009a0                . = ALIGN (0x4)
                0x000009a0                __INIT_DATA_START__ = .

.data           0x00300000        0x0 load address 0x000009a0
 *(.data)
 .data          0x00300000        0x0 F:\Nejc\Projekti\FRISMS\Rev2\Debug\intvec.o
 .data          0x00300000        0x0 F:\Nejc\Projekti\FRISMS\Rev2\Debug\start.o
 *(.data.*)

.igot.plt       0x000009a0        0x0 load address 0x00300000
 .igot.plt      0x00000000        0x0 F:\Nejc\Projekti\FRISMS\Rev2\Debug\intvec.o
                0x000009a0                . = ALIGN (0x4)
                0x000009a0                __DATA_END__ = .
                0x000009a0                __bss_start__ = .

.bss            0x00300000        0x0
 *(.bss)
 .bss           0x00300000        0x0 F:\Nejc\Projekti\FRISMS\Rev2\Debug\intvec.o
 .bss           0x00300000        0x0 F:\Nejc\Projekti\FRISMS\Rev2\Debug\start.o
 *(.bss.*)
 *(COMMON)
                0x00300000                . = ALIGN (0x4)
                0x00300000                . = ALIGN (0x4)
                0x00300000                __bss_end__ = .
                0x00300000                PROVIDE (end, .)
START GROUP
LOAD c:/isystem/winidea9/gcc/arm/bin/../lib/gcc/arm-none-eabi/4.7.4\libgcc.a
LOAD c:/isystem/winidea9/gcc/arm/bin/../lib/gcc/arm-none-eabi/4.7.4/../../../../arm-none-eabi/lib\libc.a
END GROUP
OUTPUT(asmpr1.elf elf32-littlearm)

.ARM.attributes
                0x00000000       0x20
 .ARM.attributes
                0x00000000       0x20 F:\Nejc\Projekti\FRISMS\Rev2\Debug\intvec.o
 .ARM.attributes
                0x00000020       0x20 F:\Nejc\Projekti\FRISMS\Rev2\Debug\start.o

.debug_line     0x00000000      0x231
 .debug_line    0x00000000       0x5a F:\Nejc\Projekti\FRISMS\Rev2\Debug\intvec.o
 .debug_line    0x0000005a      0x1d7 F:\Nejc\Projekti\FRISMS\Rev2\Debug\start.o

.debug_info     0x00000000       0xd5
 .debug_info    0x00000000       0x6b F:\Nejc\Projekti\FRISMS\Rev2\Debug\intvec.o
 .debug_info    0x0000006b       0x6a F:\Nejc\Projekti\FRISMS\Rev2\Debug\start.o

.debug_abbrev   0x00000000       0x28
 .debug_abbrev  0x00000000       0x14 F:\Nejc\Projekti\FRISMS\Rev2\Debug\intvec.o
 .debug_abbrev  0x00000014       0x14 F:\Nejc\Projekti\FRISMS\Rev2\Debug\start.o

.debug_aranges  0x00000000       0x40
 .debug_aranges
                0x00000000       0x20 F:\Nejc\Projekti\FRISMS\Rev2\Debug\intvec.o
 .debug_aranges
                0x00000020       0x20 F:\Nejc\Projekti\FRISMS\Rev2\Debug\start.o
